// Jest Snapshot v1, https://goo.gl/fbAQLP

exports[`should not contain invalid rules 1`] = `
"@media (min-width: 768px) {}
"
`;
